// Jest Snapshot v1, https://goo.gl/fbAQLP

exports[`App renders correctly 1`] = `
<RNCSafeAreaProvider
  onInsetsChange={[Function]}
  style={
    [
      {
        "flex": 1,
      },
      undefined,
    ]
  }
>
  <RNSScreenStack
    style={
      {
        "flex": 1,
      }
    }
  >
    <RNSScreen
      collapsable={false}
      gestureResponseDistance={
        {
          "bottom": -1,
          "end": -1,
          "start": -1,
          "top": -1,
        }
      }
      hasLargeHeader={false}
      nativeBackButtonDismissalEnabled={false}
      onAppear={[Function]}
      onDisappear={[Function]}
      onDismissed={[Function]}
      onGestureCancel={[Function]}
      onHeaderBackButtonClicked={[Function]}
      onNativeDismissCancelled={[Function]}
      onTransitionProgress={[Function]}
      onWillAppear={[Function]}
      onWillDisappear={[Function]}
      replaceAnimation="push"
      sheetAllowedDetents="large"
      sheetCornerRadius={-1}
      sheetExpandsWhenScrolledToEdge={true}
      sheetGrabberVisible={false}
      sheetLargestUndimmedDetent="all"
      stackPresentation="push"
      style={
        {
          "bottom": 0,
          "left": 0,
          "position": "absolute",
          "right": 0,
          "top": 0,
        }
      }
      swipeDirection="horizontal"
    >
      <View
        accessibilityElementsHidden={false}
        importantForAccessibility="auto"
        style={
          {
            "flex": 1,
            "flexDirection": "column-reverse",
          }
        }
      >
        <View
          collapsable={false}
          style={
            [
              {
                "flex": 1,
              },
              {
                "backgroundColor": "rgb(242, 242, 242)",
              },
              undefined,
            ]
          }
        >
          <RCTSafeAreaView
            style={
              {
                "backgroundColor": "#fff",
                "height": "90%",
                "justifyContent": "space-between",
                "marginTop": 40,
              }
            }
          >
            <View>
              <View
                style={
                  {
                    "backgroundColor": "#fff",
                    "flexDirection": "column",
                    "gap": 5,
                    "height": "auto",
                    "marginHorizontal": 10,
                    "marginVertical": 10,
                  }
                }
              >
                <Text
                  style={
                    {
                      "color": "#346",
                      "fontSize": 16,
                      "marginBottom": 10,
                    }
                  }
                >
                  Search
                </Text>
                <TextInput
                  editable={true}
                  onChangeText={[Function]}
                  placeholder="Search..."
                  style={
                    {
                      "backgroundColor": "#fff",
                      "borderColor": "#ccc",
                      "borderRadius": 5,
                      "borderWidth": 1,
                      "color": "#666",
                      "fontSize": 16,
                      "height": 60,
                      "padding": 10,
                      "paddingVertical": 15,
                    }
                  }
                  value=""
                />
              </View>
              <View>
                <Text>
                  No products found
                </Text>
              </View>
            </View>
            <View
              accessibilityState={
                {
                  "busy": undefined,
                  "checked": undefined,
                  "disabled": undefined,
                  "expanded": undefined,
                  "selected": undefined,
                }
              }
              accessibilityValue={
                {
                  "max": undefined,
                  "min": undefined,
                  "now": undefined,
                  "text": undefined,
                }
              }
              accessible={true}
              collapsable={false}
              focusable={true}
              onClick={[Function]}
              onResponderGrant={[Function]}
              onResponderMove={[Function]}
              onResponderRelease={[Function]}
              onResponderTerminate={[Function]}
              onResponderTerminationRequest={[Function]}
              onStartShouldSetResponder={[Function]}
              style={
                {
                  "opacity": 1,
                }
              }
            >
              <View
                style={
                  [
                    {
                      "borderColor": "transparent",
                      "borderRadius": 5,
                      "borderWidth": 1,
                      "marginHorizontal": 10,
                      "marginTop": 20,
                      "paddingVertical": 20,
                      "textAlign": "center",
                    },
                    {
                      "backgroundColor": "#ebee40",
                      "borderColor": "#000",
                    },
                  ]
                }
              >
                <Text
                  style={
                    [
                      {
                        "color": "#346",
                        "fontSize": 20,
                        "fontWeight": "500",
                        "textAlign": "center",
                      },
                      {
                        "color": "#000",
                      },
                    ]
                  }
                >
                  Agregar
                </Text>
              </View>
            </View>
          </RCTSafeAreaView>
        </View>
      </View>
      <RNSScreenStackHeaderConfig
        backButtonInCustomView={false}
        backTitleVisible={true}
        backgroundColor="rgb(255, 255, 255)"
        color="rgb(0, 122, 255)"
        direction="ltr"
        disableBackButtonMenu={false}
        hidden={true}
        hideBackButton={false}
        largeTitleHideShadow={false}
        title="home"
        titleColor="rgb(28, 28, 30)"
        topInsetEnabled={false}
        translucent={false}
      />
    </RNSScreen>
  </RNSScreenStack>
</RNCSafeAreaProvider>
`;

exports[`Navigation renders correctly 1`] = `
<RNCSafeAreaProvider
  onInsetsChange={[Function]}
  style={
    [
      {
        "flex": 1,
      },
      undefined,
    ]
  }
>
  <RNSScreenStack
    style={
      {
        "flex": 1,
      }
    }
  >
    <RNSScreen
      collapsable={false}
      gestureResponseDistance={
        {
          "bottom": -1,
          "end": -1,
          "start": -1,
          "top": -1,
        }
      }
      hasLargeHeader={false}
      nativeBackButtonDismissalEnabled={false}
      onAppear={[Function]}
      onDisappear={[Function]}
      onDismissed={[Function]}
      onGestureCancel={[Function]}
      onHeaderBackButtonClicked={[Function]}
      onNativeDismissCancelled={[Function]}
      onTransitionProgress={[Function]}
      onWillAppear={[Function]}
      onWillDisappear={[Function]}
      replaceAnimation="push"
      sheetAllowedDetents="large"
      sheetCornerRadius={-1}
      sheetExpandsWhenScrolledToEdge={true}
      sheetGrabberVisible={false}
      sheetLargestUndimmedDetent="all"
      stackPresentation="push"
      style={
        {
          "bottom": 0,
          "left": 0,
          "position": "absolute",
          "right": 0,
          "top": 0,
        }
      }
      swipeDirection="horizontal"
    >
      <View
        accessibilityElementsHidden={false}
        importantForAccessibility="auto"
        style={
          {
            "flex": 1,
            "flexDirection": "column-reverse",
          }
        }
      >
        <View
          collapsable={false}
          style={
            [
              {
                "flex": 1,
              },
              {
                "backgroundColor": "rgb(242, 242, 242)",
              },
              undefined,
            ]
          }
        >
          <RCTSafeAreaView
            style={
              {
                "backgroundColor": "#fff",
                "height": "90%",
                "justifyContent": "space-between",
                "marginTop": 40,
              }
            }
          >
            <View>
              <View
                style={
                  {
                    "backgroundColor": "#fff",
                    "flexDirection": "column",
                    "gap": 5,
                    "height": "auto",
                    "marginHorizontal": 10,
                    "marginVertical": 10,
                  }
                }
              >
                <Text
                  style={
                    {
                      "color": "#346",
                      "fontSize": 16,
                      "marginBottom": 10,
                    }
                  }
                >
                  Search
                </Text>
                <TextInput
                  editable={true}
                  onChangeText={[Function]}
                  placeholder="Search..."
                  style={
                    {
                      "backgroundColor": "#fff",
                      "borderColor": "#ccc",
                      "borderRadius": 5,
                      "borderWidth": 1,
                      "color": "#666",
                      "fontSize": 16,
                      "height": 60,
                      "padding": 10,
                      "paddingVertical": 15,
                    }
                  }
                  value=""
                />
              </View>
              <View>
                <Text>
                  No products found
                </Text>
              </View>
            </View>
            <View
              accessibilityState={
                {
                  "busy": undefined,
                  "checked": undefined,
                  "disabled": undefined,
                  "expanded": undefined,
                  "selected": undefined,
                }
              }
              accessibilityValue={
                {
                  "max": undefined,
                  "min": undefined,
                  "now": undefined,
                  "text": undefined,
                }
              }
              accessible={true}
              collapsable={false}
              focusable={true}
              onClick={[Function]}
              onResponderGrant={[Function]}
              onResponderMove={[Function]}
              onResponderRelease={[Function]}
              onResponderTerminate={[Function]}
              onResponderTerminationRequest={[Function]}
              onStartShouldSetResponder={[Function]}
              style={
                {
                  "opacity": 1,
                }
              }
            >
              <View
                style={
                  [
                    {
                      "borderColor": "transparent",
                      "borderRadius": 5,
                      "borderWidth": 1,
                      "marginHorizontal": 10,
                      "marginTop": 20,
                      "paddingVertical": 20,
                      "textAlign": "center",
                    },
                    {
                      "backgroundColor": "#ebee40",
                      "borderColor": "#000",
                    },
                  ]
                }
              >
                <Text
                  style={
                    [
                      {
                        "color": "#346",
                        "fontSize": 20,
                        "fontWeight": "500",
                        "textAlign": "center",
                      },
                      {
                        "color": "#000",
                      },
                    ]
                  }
                >
                  Agregar
                </Text>
              </View>
            </View>
          </RCTSafeAreaView>
        </View>
      </View>
      <RNSScreenStackHeaderConfig
        backButtonInCustomView={false}
        backTitleVisible={true}
        backgroundColor="rgb(255, 255, 255)"
        color="rgb(0, 122, 255)"
        direction="ltr"
        disableBackButtonMenu={false}
        hidden={true}
        hideBackButton={false}
        largeTitleHideShadow={false}
        title="home"
        titleColor="rgb(28, 28, 30)"
        topInsetEnabled={false}
        translucent={false}
      />
    </RNSScreen>
  </RNSScreenStack>
</RNCSafeAreaProvider>
`;
